// Jest Snapshot v1, https://goo.gl/fbAQLP

exports[`aboutCTA renders correctly 1`] = `<aboutCTA />`;
